==== /Users/qcfu/Projects/ATS-Xanadu/frontend/TEST/t08_tab_indent.py ====
KW_DEF@(0:0-0:3)
LIDENT[f]@(0:4-0:5)
LPAREN@(0:5-0:6)
LIDENT[n]@(0:6-0:7)
COLON@(0:7-0:8)
UIDENT[Int]@(0:9-0:12)
RPAREN@(0:12-0:13)
ARROW@(0:14-0:16)
UIDENT[Int]@(0:17-0:20)
COLON@(0:20-0:21)
NEWLINE@(0:21-0:21)
ERROR[	]@(1:0-1:1)
KW_LET@(1:1-1:4)
LIDENT[x]@(1:5-1:6)
EQ@(1:7-1:8)
INT[1]@(1:9-1:10)
NEWLINE@(1:10-1:10)
ERROR[	]@(2:0-2:1)
LIDENT[x]@(2:1-2:2)
PLUS@(2:3-2:4)
LIDENT[n]@(2:5-2:6)
NEWLINE@(2:6-2:6)
EOF@(3:0-3:0)
