==== /Users/qcfu/Projects/ATS-Xanadu/frontend/TEST/t11_slash_ident.py ====
KW_LET@(0:0-0:3)
LIDENT[a/b]@(0:4-0:7)
EQ@(0:8-0:9)
LIDENT[c/d]@(0:10-0:13)
NEWLINE@(0:13-0:13)
KW_LET@(1:0-1:3)
LIDENT[spaced]@(1:4-1:10)
EQ@(1:11-1:12)
LIDENT[a]@(1:13-1:14)
SLASH@(1:15-1:16)
LIDENT[b]@(1:17-1:18)
NEWLINE@(1:18-1:18)
KW_LET@(2:0-2:3)
LIDENT[mixed]@(2:4-2:9)
EQ@(2:10-2:11)
LIDENT[a]@(2:12-2:13)
SLASH@(2:13-2:14)
INT[1]@(2:14-2:15)
NEWLINE@(2:15-2:15)
EOF@(3:0-3:0)
