==== /Users/qcfu/Projects/ATS-Xanadu/frontend/TEST/m2/m2_match.py ====
(module
(type Tree@(0:0-0:4) (tvs a) (data@(0:15-0:19)
    (con Leaf@(0:15-0:19))
    (con Node@(0:22-0:47) (Tcon Tree@(0:27-0:34) (Tvar a@(0:32-0:33))) (Tvar a@(0:36-0:37)) (Tcon Tree@(0:39-0:46) (Tvar a@(0:44-0:45))))))
(def sum_tree@(2:0-2:3) (params (t: (Tcon Tree@(2:16-2:25) (Tcon Int@(2:21-2:24))))) (ret (Tcon Int@(2:30-2:33)))
  (expr@(3:4-3:9) (Ematch@(3:4-3:9) (Evar t@(3:10-3:11))
  (arm@(4:8-4:12) (Pcon Leaf@(4:13-4:17))
    (expr@(4:19-4:20) (Elit@(4:19-4:20) (int 0@(4:19-4:20)))))
  (arm@(5:8-5:12) (Pcon Node@(5:13-5:26) (Pvar l@(5:18-5:19)) (Pvar x@(5:21-5:22)) (Pvar r@(5:24-5:25)))
    (expr@(5:28-5:57) (Ebin +@(5:28-5:57) (Ebin +@(5:28-5:43) (Eapp@(5:28-5:39) (Evar sum_tree@(5:28-5:36)) (args (Evar l@(5:37-5:38)))) (Evar x@(5:42-5:43))) (Eapp@(5:46-5:57) (Evar sum_tree@(5:46-5:54)) (args (Evar r@(5:55-5:56))))))))))
)
==== diagnostics ====
(none)

