==== /Users/qcfu/Projects/ATS-Xanadu/frontend/TEST/m2_5/m25_while_value_else.py ====
(pycore
(staload pyrt@(-1:-1--1:-1))
(fungroup@(0:0-0:3)
  (fun scan_until@(0:0-0:3) (params) -> (Tcon Int@(0:20-0:23)) = (Elet@(1:4-1:21) (Pvar found@(1:12-1:17)) = (Elit@(1:20-1:21) (int 0@(1:20-1:21)))
      in (Ecase@(2:4-2:9) (Eletfun@(2:4-2:9)
        (loop loop@(-1:-1--1:-1) (params found) = (Eif@(2:4-2:9) (Elit@(2:10-2:14) (bool true@(2:10-2:14)))
            then (Ecase@(2:4-2:9) (Elet@(3:8-3:27) (Pvar x@(3:12-3:13)) = (Eapp@(3:16-3:27) (Evar next_item@(3:16-3:25)) (args))
              in (Ecase@(4:8-4:10) (Eif@(4:8-4:10) (Eapp@(4:11-4:17) (Evar ==@(4:11-4:17)) (args (Evar x@(4:11-4:12)) (Elit@(4:16-4:17) (int 0@(4:16-4:17)))))
                then (Eapp@(5:12-5:17) (Econ flow_break@(5:12-5:17)) (args (Evar found@(5:12-5:17))))
                else (Eapp@(4:8-4:10) (Econ flow_next@(4:8-4:10)) (args (Evar found@(4:8-4:10)))))
                (arm@(-1:-1--1:-1) (Pcon flow_next@(-1:-1--1:-1) (Pvar found@(-1:-1--1:-1))) => (Ecase@(6:8-6:10) (Eif@(6:8-6:10) (Eapp@(6:11-6:18) (Evar pred@(6:11-6:15)) (args (Evar x@(6:16-6:17))))
                    then (Elet@(7:12-7:21) (Pvar found@(7:12-7:21)) = (Evar x@(7:20-7:21))
                      in (Eapp@(8:12-8:17) (Econ flow_break@(8:12-8:17)) (args (Evar found@(8:12-8:17)))))
                    else (Eapp@(6:8-6:10) (Econ flow_next@(6:8-6:10)) (args (Evar found@(6:8-6:10)))))
                    (arm@(-1:-1--1:-1) (Pcon flow_next@(-1:-1--1:-1) (Pvar found@(-1:-1--1:-1))) => (Eapp@(-1:-1--1:-1) (Econ flow_next@(-1:-1--1:-1)) (args (Evar found@(-1:-1--1:-1)))))
                    (arm@(-1:-1--1:-1) (Pcon flow_cont@(-1:-1--1:-1) (Pvar found@(-1:-1--1:-1))) => (Eapp@(-1:-1--1:-1) (Econ flow_cont@(-1:-1--1:-1)) (args (Evar found@(-1:-1--1:-1)))))
                    (arm@(-1:-1--1:-1) (Pcon flow_break@(-1:-1--1:-1) (Pvar found@(-1:-1--1:-1))) => (Eapp@(-1:-1--1:-1) (Econ flow_break@(-1:-1--1:-1)) (args (Evar found@(-1:-1--1:-1)))))
                    (arm@(-1:-1--1:-1) (Pcon flow_return@(-1:-1--1:-1) (Pvar r@(-1:-1--1:-1))) => (Eapp@(-1:-1--1:-1) (Econ flow_return@(-1:-1--1:-1)) (args (Evar r@(-1:-1--1:-1)))))))
                (arm@(-1:-1--1:-1) (Pcon flow_cont@(-1:-1--1:-1) (Pvar found@(-1:-1--1:-1))) => (Eapp@(-1:-1--1:-1) (Econ flow_cont@(-1:-1--1:-1)) (args (Evar found@(-1:-1--1:-1)))))
                (arm@(-1:-1--1:-1) (Pcon flow_break@(-1:-1--1:-1) (Pvar found@(-1:-1--1:-1))) => (Eapp@(-1:-1--1:-1) (Econ flow_break@(-1:-1--1:-1)) (args (Evar found@(-1:-1--1:-1)))))
                (arm@(-1:-1--1:-1) (Pcon flow_return@(-1:-1--1:-1) (Pvar r@(-1:-1--1:-1))) => (Eapp@(-1:-1--1:-1) (Econ flow_return@(-1:-1--1:-1)) (args (Evar r@(-1:-1--1:-1)))))))
              (arm@(-1:-1--1:-1) (Pcon flow_next@(-1:-1--1:-1) (Pvar found@(-1:-1--1:-1))) => (Eapp@(2:4-2:9) (Evar loop@(-1:-1--1:-1)) (args (Evar found@(2:4-2:9)))))
              (arm@(-1:-1--1:-1) (Pcon flow_cont@(-1:-1--1:-1) (Pvar found@(-1:-1--1:-1))) => (Eapp@(2:4-2:9) (Evar loop@(-1:-1--1:-1)) (args (Evar found@(2:4-2:9)))))
              (arm@(-1:-1--1:-1) (Pcon flow_break@(-1:-1--1:-1) (Pvar found@(-1:-1--1:-1))) => (Eapp@(-1:-1--1:-1) (Econ flow_break@(-1:-1--1:-1)) (args (Evar found@(-1:-1--1:-1)))))
              (arm@(-1:-1--1:-1) (Pcon flow_return@(-1:-1--1:-1) (Pvar r@(-1:-1--1:-1))) => (Eapp@(-1:-1--1:-1) (Econ flow_return@(-1:-1--1:-1)) (args (Evar r@(-1:-1--1:-1))))))
            else (Eapp@(2:4-2:9) (Econ flow_next@(2:4-2:9)) (args (Evar found@(2:4-2:9))))))
        in (Ecase@(2:4-2:9) (Eapp@(2:4-2:9) (Evar loop@(-1:-1--1:-1)) (args (Evar found@(2:4-2:9))))
          (arm@(-1:-1--1:-1) (Pcon flow_next@(-1:-1--1:-1) (Pvar found@(-1:-1--1:-1))) => (Eseq@(2:4-2:9) (Elet@(10:8-10:34) (Pvar found@(10:8-10:13)) = (Eapp@(10:16-10:34) (Evar handle_exhausted@(10:16-10:32)) (args))
              in (Eunit@(2:4-2:9)))
              ; (Eapp@(2:4-2:9) (Econ flow_next@(2:4-2:9)) (args (Evar found@(2:4-2:9))))))
          (arm@(-1:-1--1:-1) (Pcon flow_break@(-1:-1--1:-1) (Pvar found@(-1:-1--1:-1))) => (Eapp@(2:4-2:9) (Econ flow_next@(2:4-2:9)) (args (Evar found@(2:4-2:9)))))
          (arm@(-1:-1--1:-1) (Pcon flow_return@(-1:-1--1:-1) (Pvar r@(-1:-1--1:-1))) => (Eapp@(2:4-2:9) (Econ flow_return@(2:4-2:9)) (args (Evar r@(-1:-1--1:-1)))))))
        (arm@(-1:-1--1:-1) (Pcon flow_next@(-1:-1--1:-1) (Pvar found@(-1:-1--1:-1))) => (Evar found@(11:4-11:9)))
        (arm@(-1:-1--1:-1) (Pcon flow_break@(-1:-1--1:-1) (Pvar found@(-1:-1--1:-1))) => (Evar found@(11:4-11:9)))
        (arm@(-1:-1--1:-1) (Pcon flow_return@(-1:-1--1:-1) (Pvar r@(-1:-1--1:-1))) => (Evar found@(11:4-11:9)))))))
)
==== diagnostics ====
(none)

