==== /Users/qcfu/Projects/ATS-Xanadu/frontend/TEST/m2_5/m25_while_value_break.py ====
(pycore
(staload pyrt@(-1:-1--1:-1))
(fungroup@(0:0-0:3)
  (fun count_lines@(0:0-0:3) (params) -> (Tcon Int@(0:21-0:24)) = (Elet@(1:4-1:21) (Pvar total@(1:12-1:17)) = (Elit@(1:20-1:21) (int 0@(1:20-1:21)))
      in (Ecase@(2:4-2:9) (Eletfun@(2:4-2:9)
        (loop loop@(-1:-1--1:-1) (params total) = (Eif@(2:4-2:9) (Elit@(2:10-2:14) (bool true@(2:10-2:14)))
            then (Ecase@(2:4-2:9) (Elet@(3:8-3:30) (Pvar line@(3:12-3:16)) = (Eapp@(3:19-3:30) (Evar read_line@(3:19-3:28)) (args))
              in (Ecase@(4:8-4:10) (Eif@(4:8-4:10) (Eapp@(4:11-4:21) (Evar ==@(4:11-4:21)) (args (Evar line@(4:11-4:15)) (Elit@(4:19-4:21) (str ""@(4:19-4:21)))))
                then (Eapp@(5:12-5:17) (Econ flow_break@(5:12-5:17)) (args (Evar total@(5:12-5:17))))
                else (Eapp@(4:8-4:10) (Econ flow_next@(4:8-4:10)) (args (Evar total@(4:8-4:10)))))
                (arm@(-1:-1--1:-1) (Pcon flow_next@(-1:-1--1:-1) (Pvar total@(-1:-1--1:-1))) => (Elet@(6:8-6:36) (Pvar total@(6:8-6:36)) = (Eapp@(6:16-6:36) (Evar +@(6:16-6:36)) (args (Evar total@(6:16-6:21)) (Eapp@(6:24-6:36) (Evar length@(6:24-6:30)) (args (Evar line@(6:31-6:35))))))
                    in (Eapp@(-1:-1--1:-1) (Econ flow_next@(-1:-1--1:-1)) (args (Evar total@(-1:-1--1:-1))))))
                (arm@(-1:-1--1:-1) (Pcon flow_cont@(-1:-1--1:-1) (Pvar total@(-1:-1--1:-1))) => (Eapp@(-1:-1--1:-1) (Econ flow_cont@(-1:-1--1:-1)) (args (Evar total@(-1:-1--1:-1)))))
                (arm@(-1:-1--1:-1) (Pcon flow_break@(-1:-1--1:-1) (Pvar total@(-1:-1--1:-1))) => (Eapp@(-1:-1--1:-1) (Econ flow_break@(-1:-1--1:-1)) (args (Evar total@(-1:-1--1:-1)))))
                (arm@(-1:-1--1:-1) (Pcon flow_return@(-1:-1--1:-1) (Pvar r@(-1:-1--1:-1))) => (Eapp@(-1:-1--1:-1) (Econ flow_return@(-1:-1--1:-1)) (args (Evar r@(-1:-1--1:-1)))))))
              (arm@(-1:-1--1:-1) (Pcon flow_next@(-1:-1--1:-1) (Pvar total@(-1:-1--1:-1))) => (Eapp@(2:4-2:9) (Evar loop@(-1:-1--1:-1)) (args (Evar total@(2:4-2:9)))))
              (arm@(-1:-1--1:-1) (Pcon flow_cont@(-1:-1--1:-1) (Pvar total@(-1:-1--1:-1))) => (Eapp@(2:4-2:9) (Evar loop@(-1:-1--1:-1)) (args (Evar total@(2:4-2:9)))))
              (arm@(-1:-1--1:-1) (Pcon flow_break@(-1:-1--1:-1) (Pvar total@(-1:-1--1:-1))) => (Eapp@(-1:-1--1:-1) (Econ flow_break@(-1:-1--1:-1)) (args (Evar total@(-1:-1--1:-1)))))
              (arm@(-1:-1--1:-1) (Pcon flow_return@(-1:-1--1:-1) (Pvar r@(-1:-1--1:-1))) => (Eapp@(-1:-1--1:-1) (Econ flow_return@(-1:-1--1:-1)) (args (Evar r@(-1:-1--1:-1))))))
            else (Eapp@(2:4-2:9) (Econ flow_next@(2:4-2:9)) (args (Evar total@(2:4-2:9))))))
        in (Ecase@(2:4-2:9) (Eapp@(2:4-2:9) (Evar loop@(-1:-1--1:-1)) (args (Evar total@(2:4-2:9))))
          (arm@(-1:-1--1:-1) (Pcon flow_next@(-1:-1--1:-1) (Pvar total@(-1:-1--1:-1))) => (Eapp@(2:4-2:9) (Econ flow_next@(2:4-2:9)) (args (Evar total@(2:4-2:9)))))
          (arm@(-1:-1--1:-1) (Pcon flow_break@(-1:-1--1:-1) (Pvar total@(-1:-1--1:-1))) => (Eapp@(2:4-2:9) (Econ flow_next@(2:4-2:9)) (args (Evar total@(2:4-2:9)))))
          (arm@(-1:-1--1:-1) (Pcon flow_return@(-1:-1--1:-1) (Pvar r@(-1:-1--1:-1))) => (Eapp@(2:4-2:9) (Econ flow_return@(2:4-2:9)) (args (Evar r@(-1:-1--1:-1)))))))
        (arm@(-1:-1--1:-1) (Pcon flow_next@(-1:-1--1:-1) (Pvar total@(-1:-1--1:-1))) => (Evar total@(7:4-7:9)))
        (arm@(-1:-1--1:-1) (Pcon flow_break@(-1:-1--1:-1) (Pvar total@(-1:-1--1:-1))) => (Evar total@(7:4-7:9)))
        (arm@(-1:-1--1:-1) (Pcon flow_return@(-1:-1--1:-1) (Pvar r@(-1:-1--1:-1))) => (Evar total@(7:4-7:9)))))))
)
==== diagnostics ====
(none)

