==== /Users/qcfu/Projects/ATS-Xanadu/frontend/TEST/m2_5/m25_for_else.py ====
(pycore
(staload pyrt@(-1:-1--1:-1))
(fungroup@(0:0-0:3)
  (fun search@(0:0-0:3) (params xs:(Tcon List@(0:15-0:24) (Tcon Int@(0:20-0:23)))) -> (Tcon Int@(0:29-0:32)) = (Elet@(1:4-1:21) (Pvar found@(1:12-1:17)) = (Elit@(1:20-1:21) (int 0@(1:20-1:21)))
      in (Ecase@(2:4-2:7) (Eletfun@(2:4-2:7)
        (loop loop@(-1:-1--1:-1) (params it found) = (Ecase@(2:4-2:7) (Eapp@(2:4-2:7) (Evar iter_step@(2:4-2:7)) (args (Evar it@(-1:-1--1:-1))))
            (arm@(-1:-1--1:-1) (Pcon iter_done@(-1:-1--1:-1)) => (Eapp@(-1:-1--1:-1) (Econ flow_next@(-1:-1--1:-1)) (args (Evar found@(-1:-1--1:-1)))))
            (arm@(-1:-1--1:-1) (Pcon iter_more@(-1:-1--1:-1) (Pvar x@(-1:-1--1:-1)) (Pvar it1@(-1:-1--1:-1))) => (Ecase@(2:4-2:7) (Ecase@(3:8-3:10) (Eif@(3:8-3:10) (Eapp@(3:11-3:18) (Evar pred@(3:11-3:15)) (args (Evar x@(3:16-3:17))))
                then (Elet@(4:12-4:21) (Pvar found@(4:12-4:21)) = (Evar x@(4:20-4:21))
                  in (Eapp@(5:12-5:17) (Econ flow_break@(5:12-5:17)) (args (Evar found@(5:12-5:17)))))
                else (Eapp@(3:8-3:10) (Econ flow_next@(3:8-3:10)) (args (Evar found@(3:8-3:10)))))
                (arm@(-1:-1--1:-1) (Pcon flow_next@(-1:-1--1:-1) (Pvar found@(-1:-1--1:-1))) => (Eapp@(-1:-1--1:-1) (Econ flow_next@(-1:-1--1:-1)) (args (Evar found@(-1:-1--1:-1)))))
                (arm@(-1:-1--1:-1) (Pcon flow_cont@(-1:-1--1:-1) (Pvar found@(-1:-1--1:-1))) => (Eapp@(-1:-1--1:-1) (Econ flow_cont@(-1:-1--1:-1)) (args (Evar found@(-1:-1--1:-1)))))
                (arm@(-1:-1--1:-1) (Pcon flow_break@(-1:-1--1:-1) (Pvar found@(-1:-1--1:-1))) => (Eapp@(-1:-1--1:-1) (Econ flow_break@(-1:-1--1:-1)) (args (Evar found@(-1:-1--1:-1)))))
                (arm@(-1:-1--1:-1) (Pcon flow_return@(-1:-1--1:-1) (Pvar r@(-1:-1--1:-1))) => (Eapp@(-1:-1--1:-1) (Econ flow_return@(-1:-1--1:-1)) (args (Evar r@(-1:-1--1:-1))))))
                (arm@(-1:-1--1:-1) (Pcon flow_next@(-1:-1--1:-1) (Pvar found@(-1:-1--1:-1))) => (Eapp@(2:4-2:7) (Evar loop@(-1:-1--1:-1)) (args (Etup@(2:4-2:7) (Evar it1@(2:4-2:7)) (Evar found@(2:4-2:7))))))
                (arm@(-1:-1--1:-1) (Pcon flow_cont@(-1:-1--1:-1) (Pvar found@(-1:-1--1:-1))) => (Eapp@(2:4-2:7) (Evar loop@(-1:-1--1:-1)) (args (Etup@(2:4-2:7) (Evar it1@(2:4-2:7)) (Evar found@(2:4-2:7))))))
                (arm@(-1:-1--1:-1) (Pcon flow_break@(-1:-1--1:-1) (Pvar found@(-1:-1--1:-1))) => (Eapp@(-1:-1--1:-1) (Econ flow_break@(-1:-1--1:-1)) (args (Evar found@(-1:-1--1:-1)))))
                (arm@(-1:-1--1:-1) (Pcon flow_return@(-1:-1--1:-1) (Pvar r@(-1:-1--1:-1))) => (Eapp@(-1:-1--1:-1) (Econ flow_return@(-1:-1--1:-1)) (args (Evar r@(-1:-1--1:-1)))))))))
        in (Ecase@(2:4-2:7) (Eapp@(2:4-2:7) (Evar loop@(-1:-1--1:-1)) (args (Etup@(2:4-2:7) (Eapp@(2:4-2:7) (Evar iter_open@(2:4-2:7)) (args (Evar xs@(2:13-2:15)))) (Evar found@(2:4-2:7)))))
          (arm@(-1:-1--1:-1) (Pcon flow_next@(-1:-1--1:-1) (Pvar found@(-1:-1--1:-1))) => (Eseq@(2:4-2:7) (Elet@(7:8-7:34) (Pvar found@(7:8-7:13)) = (Eapp@(7:16-7:34) (Evar handle_not_found@(7:16-7:32)) (args))
              in (Eunit@(2:4-2:7)))
              ; (Eapp@(2:4-2:7) (Econ flow_next@(2:4-2:7)) (args (Evar found@(2:4-2:7))))))
          (arm@(-1:-1--1:-1) (Pcon flow_break@(-1:-1--1:-1) (Pvar found@(-1:-1--1:-1))) => (Eapp@(2:4-2:7) (Econ flow_next@(2:4-2:7)) (args (Evar found@(2:4-2:7)))))
          (arm@(-1:-1--1:-1) (Pcon flow_return@(-1:-1--1:-1) (Pvar r@(-1:-1--1:-1))) => (Eapp@(2:4-2:7) (Econ flow_return@(2:4-2:7)) (args (Evar r@(-1:-1--1:-1)))))))
        (arm@(-1:-1--1:-1) (Pcon flow_next@(-1:-1--1:-1) (Pvar found@(-1:-1--1:-1))) => (Eseq@(2:4-2:7) (Elet@(7:8-7:34) (Pvar found@(7:8-7:13)) = (Eapp@(7:16-7:34) (Evar handle_not_found@(7:16-7:32)) (args))
            in (Eunit@(2:4-2:7)))
            ; (Evar found@(8:4-8:9))))
        (arm@(-1:-1--1:-1) (Pcon flow_break@(-1:-1--1:-1) (Pvar found@(-1:-1--1:-1))) => (Evar found@(8:4-8:9)))
        (arm@(-1:-1--1:-1) (Pcon flow_return@(-1:-1--1:-1) (Pvar r@(-1:-1--1:-1))) => (Evar found@(8:4-8:9)))))))
)
==== diagnostics ====
(none)

