==== /Users/qcfu/Projects/ATS-Xanadu/frontend/TEST/m2_5/m25_nested_return.py ====
(pycore
(staload pyrt@(-1:-1--1:-1))
(fungroup@(0:0-0:3)
  (fun find@(0:0-0:3) (params grid:(Tcon Grid@(0:15-0:19)) target:(Tcon Int@(0:29-0:32))) -> (Tcon Pair@(0:37-0:41)) = (Ecase@(0:0-0:3) (Elet@(1:4-1:17) (Pvar i@(1:12-1:13)) = (Elit@(1:16-1:17) (int 0@(1:16-1:17)))
      in (Ecase@(2:4-2:7) (Eletfun@(2:4-2:7)
        (loop loop@(-1:-1--1:-1) (params it i) = (Ecase@(2:4-2:7) (Eapp@(2:4-2:7) (Evar iter_step@(2:4-2:7)) (args (Evar it@(-1:-1--1:-1))))
            (arm@(-1:-1--1:-1) (Pcon iter_done@(-1:-1--1:-1)) => (Eapp@(-1:-1--1:-1) (Econ flow_next@(-1:-1--1:-1)) (args (Evar i@(-1:-1--1:-1)))))
            (arm@(-1:-1--1:-1) (Pcon iter_more@(-1:-1--1:-1) (Pvar row@(-1:-1--1:-1)) (Pvar it1@(-1:-1--1:-1))) => (Ecase@(2:4-2:7) (Elet@(3:8-3:21) (Pvar j@(3:16-3:17)) = (Elit@(3:20-3:21) (int 0@(3:20-3:21)))
                in (Ecase@(4:8-4:11) (Eletfun@(4:8-4:11)
                  (loop loop@(-1:-1--1:-1) (params it j) = (Ecase@(4:8-4:11) (Eapp@(4:8-4:11) (Evar iter_step@(4:8-4:11)) (args (Evar it@(-1:-1--1:-1))))
                      (arm@(-1:-1--1:-1) (Pcon iter_done@(-1:-1--1:-1)) => (Eapp@(-1:-1--1:-1) (Econ flow_next@(-1:-1--1:-1)) (args (Evar j@(-1:-1--1:-1)))))
                      (arm@(-1:-1--1:-1) (Pcon iter_more@(-1:-1--1:-1) (Pvar cell@(-1:-1--1:-1)) (Pvar it1@(-1:-1--1:-1))) => (Ecase@(4:8-4:11) (Ecase@(5:12-5:14) (Eif@(5:12-5:14) (Eapp@(5:15-5:29) (Evar ==@(5:15-5:29)) (args (Evar cell@(5:15-5:19)) (Evar target@(5:23-5:29))))
                          then (Eapp@(6:16-6:29) (Econ flow_return@(6:16-6:29)) (args (Etup@(6:23-6:29) (Evar i@(6:24-6:25)) (Evar j@(6:27-6:28)))))
                          else (Eapp@(5:12-5:14) (Econ flow_next@(5:12-5:14)) (args (Evar j@(5:12-5:14)))))
                          (arm@(-1:-1--1:-1) (Pcon flow_next@(-1:-1--1:-1) (Pvar j@(-1:-1--1:-1))) => (Elet@(7:12-7:21) (Pvar j@(7:12-7:21)) = (Eapp@(7:16-7:21) (Evar +@(7:16-7:21)) (args (Evar j@(7:16-7:17)) (Elit@(7:20-7:21) (int 1@(7:20-7:21)))))
                              in (Eapp@(-1:-1--1:-1) (Econ flow_next@(-1:-1--1:-1)) (args (Evar j@(-1:-1--1:-1))))))
                          (arm@(-1:-1--1:-1) (Pcon flow_cont@(-1:-1--1:-1) (Pvar j@(-1:-1--1:-1))) => (Eapp@(-1:-1--1:-1) (Econ flow_cont@(-1:-1--1:-1)) (args (Evar j@(-1:-1--1:-1)))))
                          (arm@(-1:-1--1:-1) (Pcon flow_break@(-1:-1--1:-1) (Pvar j@(-1:-1--1:-1))) => (Eapp@(-1:-1--1:-1) (Econ flow_break@(-1:-1--1:-1)) (args (Evar j@(-1:-1--1:-1)))))
                          (arm@(-1:-1--1:-1) (Pcon flow_return@(-1:-1--1:-1) (Pvar r@(-1:-1--1:-1))) => (Eapp@(-1:-1--1:-1) (Econ flow_return@(-1:-1--1:-1)) (args (Evar r@(-1:-1--1:-1))))))
                          (arm@(-1:-1--1:-1) (Pcon flow_next@(-1:-1--1:-1) (Pvar j@(-1:-1--1:-1))) => (Eapp@(4:8-4:11) (Evar loop@(-1:-1--1:-1)) (args (Etup@(4:8-4:11) (Evar it1@(4:8-4:11)) (Evar j@(4:8-4:11))))))
                          (arm@(-1:-1--1:-1) (Pcon flow_cont@(-1:-1--1:-1) (Pvar j@(-1:-1--1:-1))) => (Eapp@(4:8-4:11) (Evar loop@(-1:-1--1:-1)) (args (Etup@(4:8-4:11) (Evar it1@(4:8-4:11)) (Evar j@(4:8-4:11))))))
                          (arm@(-1:-1--1:-1) (Pcon flow_break@(-1:-1--1:-1) (Pvar j@(-1:-1--1:-1))) => (Eapp@(-1:-1--1:-1) (Econ flow_break@(-1:-1--1:-1)) (args (Evar j@(-1:-1--1:-1)))))
                          (arm@(-1:-1--1:-1) (Pcon flow_return@(-1:-1--1:-1) (Pvar r@(-1:-1--1:-1))) => (Eapp@(-1:-1--1:-1) (Econ flow_return@(-1:-1--1:-1)) (args (Evar r@(-1:-1--1:-1)))))))))
                  in (Ecase@(4:8-4:11) (Eapp@(4:8-4:11) (Evar loop@(-1:-1--1:-1)) (args (Etup@(4:8-4:11) (Eapp@(4:8-4:11) (Evar iter_open@(4:8-4:11)) (args (Evar row@(4:20-4:23)))) (Evar j@(4:8-4:11)))))
                    (arm@(-1:-1--1:-1) (Pcon flow_next@(-1:-1--1:-1) (Pvar j@(-1:-1--1:-1))) => (Eapp@(4:8-4:11) (Econ flow_next@(4:8-4:11)) (args (Evar j@(4:8-4:11)))))
                    (arm@(-1:-1--1:-1) (Pcon flow_break@(-1:-1--1:-1) (Pvar j@(-1:-1--1:-1))) => (Eapp@(4:8-4:11) (Econ flow_next@(4:8-4:11)) (args (Evar j@(4:8-4:11)))))
                    (arm@(-1:-1--1:-1) (Pcon flow_return@(-1:-1--1:-1) (Pvar r@(-1:-1--1:-1))) => (Eapp@(4:8-4:11) (Econ flow_return@(4:8-4:11)) (args (Evar r@(-1:-1--1:-1)))))))
                  (arm@(-1:-1--1:-1) (Pcon flow_next@(-1:-1--1:-1) (Pvar i@(-1:-1--1:-1))) => (Elet@(8:8-8:17) (Pvar i@(8:8-8:17)) = (Eapp@(8:12-8:17) (Evar +@(8:12-8:17)) (args (Evar i@(8:12-8:13)) (Elit@(8:16-8:17) (int 1@(8:16-8:17)))))
                      in (Eapp@(-1:-1--1:-1) (Econ flow_next@(-1:-1--1:-1)) (args (Evar i@(-1:-1--1:-1))))))
                  (arm@(-1:-1--1:-1) (Pcon flow_cont@(-1:-1--1:-1) (Pvar i@(-1:-1--1:-1))) => (Eapp@(-1:-1--1:-1) (Econ flow_cont@(-1:-1--1:-1)) (args (Evar i@(-1:-1--1:-1)))))
                  (arm@(-1:-1--1:-1) (Pcon flow_break@(-1:-1--1:-1) (Pvar i@(-1:-1--1:-1))) => (Eapp@(-1:-1--1:-1) (Econ flow_break@(-1:-1--1:-1)) (args (Evar i@(-1:-1--1:-1)))))
                  (arm@(-1:-1--1:-1) (Pcon flow_return@(-1:-1--1:-1) (Pvar r@(-1:-1--1:-1))) => (Eapp@(-1:-1--1:-1) (Econ flow_return@(-1:-1--1:-1)) (args (Evar r@(-1:-1--1:-1)))))))
                (arm@(-1:-1--1:-1) (Pcon flow_next@(-1:-1--1:-1) (Pvar i@(-1:-1--1:-1))) => (Eapp@(2:4-2:7) (Evar loop@(-1:-1--1:-1)) (args (Etup@(2:4-2:7) (Evar it1@(2:4-2:7)) (Evar i@(2:4-2:7))))))
                (arm@(-1:-1--1:-1) (Pcon flow_cont@(-1:-1--1:-1) (Pvar i@(-1:-1--1:-1))) => (Eapp@(2:4-2:7) (Evar loop@(-1:-1--1:-1)) (args (Etup@(2:4-2:7) (Evar it1@(2:4-2:7)) (Evar i@(2:4-2:7))))))
                (arm@(-1:-1--1:-1) (Pcon flow_break@(-1:-1--1:-1) (Pvar i@(-1:-1--1:-1))) => (Eapp@(-1:-1--1:-1) (Econ flow_break@(-1:-1--1:-1)) (args (Evar i@(-1:-1--1:-1)))))
                (arm@(-1:-1--1:-1) (Pcon flow_return@(-1:-1--1:-1) (Pvar r@(-1:-1--1:-1))) => (Eapp@(-1:-1--1:-1) (Econ flow_return@(-1:-1--1:-1)) (args (Evar r@(-1:-1--1:-1)))))))))
        in (Ecase@(2:4-2:7) (Eapp@(2:4-2:7) (Evar loop@(-1:-1--1:-1)) (args (Etup@(2:4-2:7) (Eapp@(2:4-2:7) (Evar iter_open@(2:4-2:7)) (args (Evar grid@(2:15-2:19)))) (Evar i@(2:4-2:7)))))
          (arm@(-1:-1--1:-1) (Pcon flow_next@(-1:-1--1:-1) (Pvar i@(-1:-1--1:-1))) => (Eapp@(2:4-2:7) (Econ flow_next@(2:4-2:7)) (args (Evar i@(2:4-2:7)))))
          (arm@(-1:-1--1:-1) (Pcon flow_break@(-1:-1--1:-1) (Pvar i@(-1:-1--1:-1))) => (Eapp@(2:4-2:7) (Econ flow_next@(2:4-2:7)) (args (Evar i@(2:4-2:7)))))
          (arm@(-1:-1--1:-1) (Pcon flow_return@(-1:-1--1:-1) (Pvar r@(-1:-1--1:-1))) => (Eapp@(2:4-2:7) (Econ flow_return@(2:4-2:7)) (args (Evar r@(-1:-1--1:-1)))))))
        (arm@(-1:-1--1:-1) (Pcon flow_next@(-1:-1--1:-1) (Pwild@(-1:-1--1:-1))) => (Eapp@(9:4-9:19) (Econ flow_return@(9:4-9:19)) (args (Etup@(9:11-9:19) (Eapp@(9:12-9:14) (Evar -@(9:12-9:14)) (args (Elit@(9:13-9:14) (int 1@(9:13-9:14))))) (Eapp@(9:16-9:18) (Evar -@(9:16-9:18)) (args (Elit@(9:17-9:18) (int 1@(9:17-9:18)))))))))
        (arm@(-1:-1--1:-1) (Pcon flow_cont@(-1:-1--1:-1) (Pwild@(-1:-1--1:-1))) => (Eapp@(-1:-1--1:-1) (Econ flow_cont@(-1:-1--1:-1)) (args (Eunit@(-1:-1--1:-1)))))
        (arm@(-1:-1--1:-1) (Pcon flow_break@(-1:-1--1:-1) (Pwild@(-1:-1--1:-1))) => (Eapp@(-1:-1--1:-1) (Econ flow_break@(-1:-1--1:-1)) (args (Eunit@(-1:-1--1:-1)))))
        (arm@(-1:-1--1:-1) (Pcon flow_return@(-1:-1--1:-1) (Pvar r@(-1:-1--1:-1))) => (Eapp@(-1:-1--1:-1) (Econ flow_return@(-1:-1--1:-1)) (args (Evar r@(-1:-1--1:-1)))))))
      (arm@(-1:-1--1:-1) (Pcon flow_return@(-1:-1--1:-1) (Pvar r@(-1:-1--1:-1))) => (Evar r@(-1:-1--1:-1)))
      (arm@(-1:-1--1:-1) (Pcon flow_next@(-1:-1--1:-1) (Pwild@(-1:-1--1:-1))) => (Eunit@(9:4-9:19))))))
)
==== diagnostics ====
(none)

